<html>
<body>
<pre>
<h1>礦ision Build Log</h1>
<h2>Tool Versions:</h2>
IDE-Version: μVision V5.32.0.0
Copyright (C) 2020 ARM Ltd and ARM Germany GmbH. All rights reserved.
License Information: starrysky starrysky, starrysky, LIC=ZB4EI-TL3VG-KPVZY-I4TUW-ELB21-C6CP3
 
Tool Versions:
Toolchain:       MDK-ARM Plus  Version: 5.32.0.0
Toolchain Path:  J:\software\Keil_v5_32\ARM\ARMCC\Bin
C Compiler:      Armcc.exe V5.06 update 7 (build 960)
Assembler:       Armasm.exe V5.06 update 7 (build 960)
Linker/Locator:  ArmLink.exe V5.06 update 7 (build 960)
Library Manager: ArmAr.exe V5.06 update 7 (build 960)
Hex Converter:   FromElf.exe V5.06 update 7 (build 960)
CPU DLL:         SARMCM3.DLL V5.32.0.0
Dialog DLL:      DCM.DLL V1.17.3.0
Target DLL:      STLink\ST-LINKIII-KEIL_SWO.dll V3.0.8.0
Dialog DLL:      TCM.DLL V1.46.0.0
 
<h2>Project:</h2>
J:\my_project\00_my_practical_project\access_control_system\program_rtos\MDK-ARM\access_control_system.uvprojx
Project File Date:  09/10/2025

<h2>Output:</h2>
*** Using Compiler 'V5.06 update 7 (build 960)', folder: 'J:\software\Keil_v5_32\ARM\ARMCC\Bin'
Build target 'access_control_system'
compiling as608.c...
..\Code\BSP\as608.c(281): warning:  #174-D: expression has no effect
  	CLEAR_BUFFER;             //清空缓冲区
..\Code\BSP\as608.c(309): warning:  #174-D: expression has no effect
  	CLEAR_BUFFER;                                        //清空缓冲区
..\Code\BSP\as608.c(335): warning:  #174-D: expression has no effect
      CLEAR_BUFFER;                                        //清空缓冲区
..\Code\BSP\as608.c(360): warning:  #174-D: expression has no effect
  	CLEAR_BUFFER;                                        //清空缓冲区
..\Code\BSP\as608.c(385): warning:  #174-D: expression has no effect
  	CLEAR_BUFFER;                                        //清空缓冲区
..\Code\BSP\as608.c(413): warning:  #174-D: expression has no effect
  	CLEAR_BUFFER;                                        //清空缓冲区
..\Code\BSP\as608.c(441): warning:  #174-D: expression has no effect
          CLEAR_BUFFER;                                        //清空缓冲区
..\Code\BSP\as608.c(467): warning:  #174-D: expression has no effect
          CLEAR_BUFFER;                                        //清空缓冲区
..\Code\BSP\as608.c(497): warning:  #174-D: expression has no effect
          CLEAR_BUFFER;                                        //清空缓冲区
..\Code\BSP\as608.c(525): warning:  #174-D: expression has no effect
          CLEAR_BUFFER;                                        //清空缓冲区
..\Code\BSP\as608.c(549): warning:  #174-D: expression has no effect
  	CLEAR_BUFFER;            //清空缓冲区
..\Code\BSP\as608.c(585): warning:  #167-D: argument of type "volatile char *" is incompatible with parameter of type "char *"
  			result = as608_detection_checknum(data,&*ID_OR_NUM);        
..\Code\BSP\as608.c(840): warning:  #550-D: variable "result"  was set but never used
  	uint8_t result;
..\Code\BSP\as608.c: 13 warnings, 0 errors
linking...
Program Size: Code=176892 RO-data=18588 RW-data=856 ZI-data=78840  
FromELF: creating hex file...
"access_control_system\access_control_system.axf" - 0 Error(s), 13 Warning(s).

<h2>Software Packages used:</h2>

Package Vendor: ARM
                http://www.keil.com/pack/ARM.CMSIS.5.7.0.pack
                ARM.CMSIS.5.7.0
                CMSIS (Cortex Microcontroller Software Interface Standard)
   * Component: CORE Version: 5.4.0

Package Vendor: Keil
                https://www.keil.com/pack/Keil.STM32F4xx_DFP.2.17.1.pack
                Keil.STM32F4xx_DFP.2.17.1
                STMicroelectronics STM32F4 Series Device Support, Drivers and Examples

<h2>Collection of Component include folders:</h2>
  .\RTE\_access_control_system
  J:\software\Keil_v5_32\Arm\Packs\ARM\CMSIS\5.7.0\CMSIS\Core\Include
  J:\software\Keil_v5_32\Arm\Packs\Keil\STM32F4xx_DFP\2.17.1\Drivers\CMSIS\Device\ST\STM32F4xx\Include

<h2>Collection of Component Files used:</h2>

   * Component: ARM::CMSIS:CORE:5.4.0
      Include file:  CMSIS\Core\Include\tz_context.h
Build Time Elapsed:  00:00:09
</pre>
</body>
</html>
